{"level":"info","message":"Prometheus metrics registry initialized","service":"suvaialaya-api","timestamp":"2026-07-18T08:40:22.340Z"}
{"level":"info","message":"BullMQ queues initialized","queues":["notifications","qr-generation","seat-release","waitlist"],"service":"suvaialaya-api","timestamp":"2026-07-18T08:40:22.384Z"}
{"level":"info","message":"All BullMQ workers initialized","service":"suvaialaya-api","timestamp":"2026-07-18T08:40:22.428Z"}
{"level":"info","message":"SRE memory watchdog started (30s interval, 500MB threshold)","service":"suvaialaya-api","timestamp":"2026-07-18T08:40:22.431Z"}
{"level":"info","message":"SRE queue monitor started (60s interval)","service":"suvaialaya-api","timestamp":"2026-07-18T08:40:22.432Z"}
{"level":"info","message":"SRE waitlist monitor started (120s interval)","service":"suvaialaya-api","timestamp":"2026-07-18T08:40:22.432Z"}
{"level":"info","message":"Backup scheduler started (MongoDB every 6h, Redis every 6h)","service":"suvaialaya-api","timestamp":"2026-07-18T08:40:22.456Z"}
{"level":"info","message":"SRE NoShow detector started (hourly)","service":"suvaialaya-api","timestamp":"2026-07-18T08:40:22.457Z"}
{"level":"info","message":"All SRE background jobs started","service":"suvaialaya-api","timestamp":"2026-07-18T08:40:22.457Z"}
{"database":"suvaialaya","host":"127.0.0.1","level":"info","message":"MongoDB connected","poolSize":50,"service":"suvaialaya-api","timestamp":"2026-07-18T08:40:22.620Z"}
{"count":19,"level":"info","message":"Feature flags seeded","service":"suvaialaya-api","timestamp":"2026-07-18T08:40:25.094Z"}
{"level":"info","message":"All background services initialized","service":"suvaialaya-api","timestamp":"2026-07-18T08:40:25.096Z"}
{"level":"info","message":"Prometheus metrics registry initialized","service":"suvaialaya-api","timestamp":"2026-07-19T13:58:09.350Z"}
{"level":"info","message":"BullMQ queues initialized","queues":["notifications","qr-generation","seat-release","waitlist"],"service":"suvaialaya-api","timestamp":"2026-07-19T13:58:09.434Z"}
{"level":"info","message":"All BullMQ workers initialized","service":"suvaialaya-api","timestamp":"2026-07-19T13:58:09.512Z"}
{"level":"info","message":"SRE memory watchdog started (30s interval, 500MB threshold)","service":"suvaialaya-api","timestamp":"2026-07-19T13:58:09.517Z"}
{"level":"info","message":"SRE queue monitor started (60s interval)","service":"suvaialaya-api","timestamp":"2026-07-19T13:58:09.518Z"}
{"level":"info","message":"SRE waitlist monitor started (120s interval)","service":"suvaialaya-api","timestamp":"2026-07-19T13:58:09.519Z"}
{"level":"info","message":"Backup scheduler started (MongoDB every 6h, Redis every 6h)","service":"suvaialaya-api","timestamp":"2026-07-19T13:58:09.554Z"}
{"level":"info","message":"SRE NoShow detector started (hourly)","service":"suvaialaya-api","timestamp":"2026-07-19T13:58:09.556Z"}
{"level":"info","message":"All SRE background jobs started","service":"suvaialaya-api","timestamp":"2026-07-19T13:58:09.557Z"}
{"database":"suvaialaya","host":"127.0.0.1","level":"info","message":"MongoDB connected","poolSize":50,"service":"suvaialaya-api","timestamp":"2026-07-19T13:58:09.763Z"}
{"count":19,"level":"info","message":"Feature flags seeded","service":"suvaialaya-api","timestamp":"2026-07-19T13:58:11.508Z"}
{"level":"info","message":"All background services initialized","service":"suvaialaya-api","timestamp":"2026-07-19T13:58:11.510Z"}
{"level":"info","message":"Prometheus metrics registry initialized","service":"suvaialaya-api","timestamp":"2026-07-19T13:58:32.055Z"}
{"level":"info","message":"BullMQ queues initialized","queues":["notifications","qr-generation","seat-release","waitlist"],"service":"suvaialaya-api","timestamp":"2026-07-19T13:58:32.119Z"}
{"level":"info","message":"All BullMQ workers initialized","service":"suvaialaya-api","timestamp":"2026-07-19T13:58:32.168Z"}
{"level":"info","message":"SRE memory watchdog started (30s interval, 500MB threshold)","service":"suvaialaya-api","timestamp":"2026-07-19T13:58:32.172Z"}
{"level":"info","message":"SRE queue monitor started (60s interval)","service":"suvaialaya-api","timestamp":"2026-07-19T13:58:32.173Z"}
{"level":"info","message":"SRE waitlist monitor started (120s interval)","service":"suvaialaya-api","timestamp":"2026-07-19T13:58:32.173Z"}
{"level":"info","message":"Backup scheduler started (MongoDB every 6h, Redis every 6h)","service":"suvaialaya-api","timestamp":"2026-07-19T13:58:32.200Z"}
{"level":"info","message":"SRE NoShow detector started (hourly)","service":"suvaialaya-api","timestamp":"2026-07-19T13:58:32.204Z"}
{"level":"info","message":"All SRE background jobs started","service":"suvaialaya-api","timestamp":"2026-07-19T13:58:32.204Z"}
{"database":"suvaialaya","host":"127.0.0.1","level":"info","message":"MongoDB connected","poolSize":50,"service":"suvaialaya-api","timestamp":"2026-07-19T13:58:32.405Z"}
{"count":19,"level":"info","message":"Feature flags seeded","service":"suvaialaya-api","timestamp":"2026-07-19T13:58:33.866Z"}
{"level":"info","message":"All background services initialized","service":"suvaialaya-api","timestamp":"2026-07-19T13:58:33.866Z"}
{"level":"info","message":"Prometheus metrics registry initialized","service":"suvaialaya-api","timestamp":"2026-07-19T17:02:18.306Z"}
{"level":"info","message":"BullMQ queues initialized","queues":["notifications","qr-generation","seat-release","waitlist"],"service":"suvaialaya-api","timestamp":"2026-07-19T17:02:18.335Z"}
{"level":"info","message":"All BullMQ workers initialized","service":"suvaialaya-api","timestamp":"2026-07-19T17:02:18.359Z"}
{"level":"info","message":"SRE memory watchdog started (30s interval, 500MB threshold)","service":"suvaialaya-api","timestamp":"2026-07-19T17:02:18.361Z"}
{"level":"info","message":"SRE queue monitor started (60s interval)","service":"suvaialaya-api","timestamp":"2026-07-19T17:02:18.361Z"}
{"level":"info","message":"SRE waitlist monitor started (120s interval)","service":"suvaialaya-api","timestamp":"2026-07-19T17:02:18.361Z"}
{"level":"info","message":"Backup scheduler started (MongoDB every 6h, Redis every 6h)","service":"suvaialaya-api","timestamp":"2026-07-19T17:02:18.374Z"}
{"level":"info","message":"SRE NoShow detector started (hourly)","service":"suvaialaya-api","timestamp":"2026-07-19T17:02:18.374Z"}
{"level":"info","message":"All SRE background jobs started","service":"suvaialaya-api","timestamp":"2026-07-19T17:02:18.374Z"}
{"database":"suvaialaya","host":"127.0.0.1","level":"info","message":"MongoDB connected","poolSize":50,"service":"suvaialaya-api","timestamp":"2026-07-19T17:02:18.489Z"}
{"count":19,"level":"info","message":"Feature flags seeded","service":"suvaialaya-api","timestamp":"2026-07-19T17:02:21.782Z"}
{"level":"info","message":"All background services initialized","service":"suvaialaya-api","timestamp":"2026-07-19T17:02:21.783Z"}
{"level":"info","message":"Prometheus metrics registry initialized","service":"suvaialaya-api","timestamp":"2026-08-05T09:46:39.236Z"}
{"level":"info","message":"BullMQ queues initialized","queues":["notifications","qr-generation","seat-release","waitlist"],"service":"suvaialaya-api","timestamp":"2026-08-05T09:46:39.334Z"}
{"error":"Missing parameter name at index 1: *; visit https://git.new/pathToRegexpError for info","level":"error","message":"Uncaught Exception","service":"suvaialaya-api","stack":"TypeError: Missing parameter name at index 1: *; visit https://git.new/pathToRegexpError for info\n    at consumeUntil (C:\\Users\\Hp\\Desktop\\suvaialaya\\node_modules\\.pnpm\\path-to-regexp@8.4.2\\node_modules\\path-to-regexp\\dist\\index.js:108:27)\n    at parse (C:\\Users\\Hp\\Desktop\\suvaialaya\\node_modules\\.pnpm\\path-to-regexp@8.4.2\\node_modules\\path-to-regexp\\dist\\index.js:140:26)\n    at process (C:\\Users\\Hp\\Desktop\\suvaialaya\\node_modules\\.pnpm\\path-to-regexp@8.4.2\\node_modules\\path-to-regexp\\dist\\index.js:263:56)\n    at pathToRegexp (C:\\Users\\Hp\\Desktop\\suvaialaya\\node_modules\\.pnpm\\path-to-regexp@8.4.2\\node_modules\\path-to-regexp\\dist\\index.js:274:5)\n    at Object.match (C:\\Users\\Hp\\Desktop\\suvaialaya\\node_modules\\.pnpm\\path-to-regexp@8.4.2\\node_modules\\path-to-regexp\\dist\\index.js:225:30)\n    at matcher (C:\\Users\\Hp\\Desktop\\suvaialaya\\node_modules\\.pnpm\\router@2.2.0\\node_modules\\router\\lib\\layer.js:86:23)\n    at new Layer (C:\\Users\\Hp\\Desktop\\suvaialaya\\node_modules\\.pnpm\\router@2.2.0\\node_modules\\router\\lib\\layer.js:93:62)\n    at Function.route (C:\\Users\\Hp\\Desktop\\suvaialaya\\node_modules\\.pnpm\\router@2.2.0\\node_modules\\router\\index.js:428:17)\n    at Function.route (C:\\Users\\Hp\\Desktop\\suvaialaya\\node_modules\\.pnpm\\express@5.1.0\\node_modules\\express\\lib\\application.js:257:22)\n    at app.<computed> [as get] (C:\\Users\\Hp\\Desktop\\suvaialaya\\node_modules\\.pnpm\\express@5.1.0\\node_modules\\express\\lib\\application.js:478:22)","timestamp":"2026-08-05T09:46:39.489Z"}
{"error":"Missing parameter name at index 1: *; visit https://git.new/pathToRegexpError for info","level":"error","message":"Background services startup failed","service":"suvaialaya-api","timestamp":"2026-08-05T09:46:39.659Z"}
{"database":"suvaialaya","host":"127.0.0.1","level":"info","message":"MongoDB connected","poolSize":50,"service":"suvaialaya-api","timestamp":"2026-08-05T09:46:39.700Z"}
{"count":19,"level":"info","message":"Feature flags seeded","service":"suvaialaya-api","timestamp":"2026-08-05T09:46:40.048Z"}
{"level":"info","message":"Prometheus metrics registry initialized","service":"suvaialaya-api","timestamp":"2026-08-05T10:03:28.857Z"}
{"level":"info","message":"BullMQ queues initialized","queues":["notifications","qr-generation","seat-release","waitlist"],"service":"suvaialaya-api","timestamp":"2026-08-05T10:03:28.937Z"}
{"error":"Missing parameter name at index 1: *; visit https://git.new/pathToRegexpError for info","level":"error","message":"Uncaught Exception","service":"suvaialaya-api","stack":"TypeError: Missing parameter name at index 1: *; visit https://git.new/pathToRegexpError for info\n    at consumeUntil (C:\\Users\\Hp\\Desktop\\suvaialaya\\node_modules\\.pnpm\\path-to-regexp@8.4.2\\node_modules\\path-to-regexp\\dist\\index.js:108:27)\n    at parse (C:\\Users\\Hp\\Desktop\\suvaialaya\\node_modules\\.pnpm\\path-to-regexp@8.4.2\\node_modules\\path-to-regexp\\dist\\index.js:140:26)\n    at process (C:\\Users\\Hp\\Desktop\\suvaialaya\\node_modules\\.pnpm\\path-to-regexp@8.4.2\\node_modules\\path-to-regexp\\dist\\index.js:263:56)\n    at pathToRegexp (C:\\Users\\Hp\\Desktop\\suvaialaya\\node_modules\\.pnpm\\path-to-regexp@8.4.2\\node_modules\\path-to-regexp\\dist\\index.js:274:5)\n    at Object.match (C:\\Users\\Hp\\Desktop\\suvaialaya\\node_modules\\.pnpm\\path-to-regexp@8.4.2\\node_modules\\path-to-regexp\\dist\\index.js:225:30)\n    at matcher (C:\\Users\\Hp\\Desktop\\suvaialaya\\node_modules\\.pnpm\\router@2.2.0\\node_modules\\router\\lib\\layer.js:86:23)\n    at new Layer (C:\\Users\\Hp\\Desktop\\suvaialaya\\node_modules\\.pnpm\\router@2.2.0\\node_modules\\router\\lib\\layer.js:93:62)\n    at Function.route (C:\\Users\\Hp\\Desktop\\suvaialaya\\node_modules\\.pnpm\\router@2.2.0\\node_modules\\router\\index.js:428:17)\n    at Function.route (C:\\Users\\Hp\\Desktop\\suvaialaya\\node_modules\\.pnpm\\express@5.1.0\\node_modules\\express\\lib\\application.js:257:22)\n    at app.<computed> [as get] (C:\\Users\\Hp\\Desktop\\suvaialaya\\node_modules\\.pnpm\\express@5.1.0\\node_modules\\express\\lib\\application.js:478:22)","timestamp":"2026-08-05T10:03:29.055Z"}
{"error":"Missing parameter name at index 1: *; visit https://git.new/pathToRegexpError for info","level":"error","message":"Background services startup failed","service":"suvaialaya-api","timestamp":"2026-08-05T10:03:29.174Z"}
{"database":"suvaialaya","host":"127.0.0.1","level":"info","message":"MongoDB connected","poolSize":50,"service":"suvaialaya-api","timestamp":"2026-08-05T10:03:29.202Z"}
{"count":19,"level":"info","message":"Feature flags seeded","service":"suvaialaya-api","timestamp":"2026-08-05T10:03:29.359Z"}
{"level":"warn","message":"MongoDB disconnected — attempting reconnect...","service":"suvaialaya-api","timestamp":"2026-08-05T11:34:30.125Z"}
{"level":"info","message":"MongoDB reconnected successfully","service":"suvaialaya-api","timestamp":"2026-08-05T12:19:59.035Z"}
{"level":"info","message":"Prometheus metrics registry initialized","service":"suvaialaya-api","timestamp":"2026-08-05T16:07:33.591Z"}
{"level":"info","message":"BullMQ queues initialized","queues":["notifications","qr-generation","seat-release","waitlist"],"service":"suvaialaya-api","timestamp":"2026-08-05T16:07:33.645Z"}
{"error":"Missing parameter name at index 1: *; visit https://git.new/pathToRegexpError for info","level":"error","message":"Uncaught Exception","service":"suvaialaya-api","stack":"TypeError: Missing parameter name at index 1: *; visit https://git.new/pathToRegexpError for info\n    at consumeUntil (C:\\Users\\Hp\\Desktop\\suvaialaya\\node_modules\\.pnpm\\path-to-regexp@8.4.2\\node_modules\\path-to-regexp\\dist\\index.js:108:27)\n    at parse (C:\\Users\\Hp\\Desktop\\suvaialaya\\node_modules\\.pnpm\\path-to-regexp@8.4.2\\node_modules\\path-to-regexp\\dist\\index.js:140:26)\n    at process (C:\\Users\\Hp\\Desktop\\suvaialaya\\node_modules\\.pnpm\\path-to-regexp@8.4.2\\node_modules\\path-to-regexp\\dist\\index.js:263:56)\n    at pathToRegexp (C:\\Users\\Hp\\Desktop\\suvaialaya\\node_modules\\.pnpm\\path-to-regexp@8.4.2\\node_modules\\path-to-regexp\\dist\\index.js:274:5)\n    at Object.match (C:\\Users\\Hp\\Desktop\\suvaialaya\\node_modules\\.pnpm\\path-to-regexp@8.4.2\\node_modules\\path-to-regexp\\dist\\index.js:225:30)\n    at matcher (C:\\Users\\Hp\\Desktop\\suvaialaya\\node_modules\\.pnpm\\router@2.2.0\\node_modules\\router\\lib\\layer.js:86:23)\n    at new Layer (C:\\Users\\Hp\\Desktop\\suvaialaya\\node_modules\\.pnpm\\router@2.2.0\\node_modules\\router\\lib\\layer.js:93:62)\n    at Function.route (C:\\Users\\Hp\\Desktop\\suvaialaya\\node_modules\\.pnpm\\router@2.2.0\\node_modules\\router\\index.js:428:17)\n    at Function.route (C:\\Users\\Hp\\Desktop\\suvaialaya\\node_modules\\.pnpm\\express@5.1.0\\node_modules\\express\\lib\\application.js:257:22)\n    at app.<computed> [as get] (C:\\Users\\Hp\\Desktop\\suvaialaya\\node_modules\\.pnpm\\express@5.1.0\\node_modules\\express\\lib\\application.js:478:22)","timestamp":"2026-08-05T16:07:33.738Z"}
{"error":"Missing parameter name at index 1: *; visit https://git.new/pathToRegexpError for info","level":"error","message":"Background services startup failed","service":"suvaialaya-api","timestamp":"2026-08-05T16:07:33.850Z"}
{"database":"suvaialaya","host":"127.0.0.1","level":"info","message":"MongoDB connected","poolSize":50,"service":"suvaialaya-api","timestamp":"2026-08-05T16:07:33.868Z"}
{"count":19,"level":"info","message":"Feature flags seeded","service":"suvaialaya-api","timestamp":"2026-08-05T16:07:34.023Z"}
{"level":"info","message":"Prometheus metrics registry initialized","service":"suvaialaya-api","timestamp":"2026-08-05T18:44:03.095Z"}
{"level":"info","message":"BullMQ queues initialized","queues":["notifications","qr-generation","seat-release","waitlist"],"service":"suvaialaya-api","timestamp":"2026-08-05T18:44:03.164Z"}
{"level":"info","message":"All BullMQ workers initialized","service":"suvaialaya-api","timestamp":"2026-08-05T18:44:03.433Z"}
{"database":"suvaialaya","host":"127.0.0.1","level":"info","message":"MongoDB connected","poolSize":50,"service":"suvaialaya-api","timestamp":"2026-08-05T18:44:03.482Z"}
{"level":"info","message":"SRE memory watchdog started (30s interval, 500MB threshold)","service":"suvaialaya-api","timestamp":"2026-08-05T18:44:03.699Z"}
{"level":"info","message":"SRE queue monitor started (60s interval)","service":"suvaialaya-api","timestamp":"2026-08-05T18:44:03.700Z"}
{"level":"info","message":"SRE waitlist monitor started (120s interval)","service":"suvaialaya-api","timestamp":"2026-08-05T18:44:03.702Z"}
{"level":"info","message":"Backup scheduler started (MongoDB with local rotation/auditing, Redis BGSAVE)","service":"suvaialaya-api","timestamp":"2026-08-05T18:44:03.791Z"}
{"level":"info","message":"SRE NoShow detector started (hourly)","service":"suvaialaya-api","timestamp":"2026-08-05T18:44:03.795Z"}
{"level":"info","message":"All SRE background jobs started","service":"suvaialaya-api","timestamp":"2026-08-05T18:44:03.796Z"}
{"count":19,"level":"info","message":"Feature flags seeded","service":"suvaialaya-api","timestamp":"2026-08-05T18:44:03.986Z"}
{"level":"info","message":"All background services initialized","service":"suvaialaya-api","timestamp":"2026-08-05T18:44:03.987Z"}
{"durationMs":33,"ip":"::1","level":"info","message":"HTTP Request","method":"GET","service":"suvaialaya-api","statusCode":200,"timestamp":"2026-08-05T18:46:36.513Z","url":"/assets/index-missing.css","userAgent":"Mozilla/5.0 (Windows NT; Windows NT 10.0; en-IN) WindowsPowerShell/5.1.26100.8875"}
{"level":"info","message":"Prometheus metrics registry initialized","service":"suvaialaya-api","timestamp":"2026-08-05T18:48:51.419Z"}
{"level":"info","message":"BullMQ queues initialized","queues":["notifications","qr-generation","seat-release","waitlist"],"service":"suvaialaya-api","timestamp":"2026-08-05T18:48:51.528Z"}
{"level":"info","message":"All BullMQ workers initialized","service":"suvaialaya-api","timestamp":"2026-08-05T18:48:51.784Z"}
{"database":"suvaialaya","host":"127.0.0.1","level":"info","message":"MongoDB connected","poolSize":50,"service":"suvaialaya-api","timestamp":"2026-08-05T18:48:51.816Z"}
{"level":"info","message":"SRE memory watchdog started (30s interval, 500MB threshold)","service":"suvaialaya-api","timestamp":"2026-08-05T18:48:52.000Z"}
{"level":"info","message":"SRE queue monitor started (60s interval)","service":"suvaialaya-api","timestamp":"2026-08-05T18:48:52.001Z"}
{"level":"info","message":"SRE waitlist monitor started (120s interval)","service":"suvaialaya-api","timestamp":"2026-08-05T18:48:52.002Z"}
{"level":"info","message":"Backup scheduler started (MongoDB with local rotation/auditing, Redis BGSAVE)","service":"suvaialaya-api","timestamp":"2026-08-05T18:48:52.101Z"}
{"level":"info","message":"SRE NoShow detector started (hourly)","service":"suvaialaya-api","timestamp":"2026-08-05T18:48:52.106Z"}
{"level":"info","message":"All SRE background jobs started","service":"suvaialaya-api","timestamp":"2026-08-05T18:48:52.108Z"}
{"count":19,"level":"info","message":"Feature flags seeded","service":"suvaialaya-api","timestamp":"2026-08-05T18:48:52.232Z"}
{"level":"info","message":"All background services initialized","service":"suvaialaya-api","timestamp":"2026-08-05T18:48:52.233Z"}
{"level":"info","message":"Prometheus metrics registry initialized","service":"suvaialaya-api","timestamp":"2026-08-05T18:49:08.002Z"}
{"level":"info","message":"BullMQ queues initialized","queues":["notifications","qr-generation","seat-release","waitlist"],"service":"suvaialaya-api","timestamp":"2026-08-05T18:49:08.071Z"}
{"level":"info","message":"All BullMQ workers initialized","service":"suvaialaya-api","timestamp":"2026-08-05T18:49:08.288Z"}
{"database":"suvaialaya","host":"127.0.0.1","level":"info","message":"MongoDB connected","poolSize":50,"service":"suvaialaya-api","timestamp":"2026-08-05T18:49:08.316Z"}
{"level":"info","message":"SRE memory watchdog started (30s interval, 500MB threshold)","service":"suvaialaya-api","timestamp":"2026-08-05T18:49:08.448Z"}
{"level":"info","message":"SRE queue monitor started (60s interval)","service":"suvaialaya-api","timestamp":"2026-08-05T18:49:08.449Z"}
{"level":"info","message":"SRE waitlist monitor started (120s interval)","service":"suvaialaya-api","timestamp":"2026-08-05T18:49:08.450Z"}
{"level":"info","message":"Backup scheduler started (MongoDB with local rotation/auditing, Redis BGSAVE)","service":"suvaialaya-api","timestamp":"2026-08-05T18:49:08.514Z"}
{"level":"info","message":"SRE NoShow detector started (hourly)","service":"suvaialaya-api","timestamp":"2026-08-05T18:49:08.517Z"}
{"level":"info","message":"All SRE background jobs started","service":"suvaialaya-api","timestamp":"2026-08-05T18:49:08.517Z"}
{"count":19,"level":"info","message":"Feature flags seeded","service":"suvaialaya-api","timestamp":"2026-08-05T18:49:08.597Z"}
{"level":"info","message":"All background services initialized","service":"suvaialaya-api","timestamp":"2026-08-05T18:49:08.597Z"}
{"durationMs":8,"ip":"::1","level":"info","message":"HTTP Request","method":"GET","service":"suvaialaya-api","statusCode":200,"timestamp":"2026-08-05T18:49:09.595Z","url":"/assets/index-missing.js","userAgent":"Mozilla/5.0 (Windows NT; Windows NT 10.0; en-IN) WindowsPowerShell/5.1.26100.8875"}
{"durationMs":8,"ip":"::1","level":"info","message":"HTTP Request","method":"GET","service":"suvaialaya-api","statusCode":200,"timestamp":"2026-08-05T18:51:33.353Z","url":"/","userAgent":"Mozilla/5.0 (Windows NT 10.0; Win64; x64) AppleWebKit/537.36 (KHTML, like Gecko) Chrome/150.0.0.0 Safari/537.36"}
{"durationMs":4,"ip":"::1","level":"info","message":"HTTP Request","method":"GET","service":"suvaialaya-api","statusCode":200,"timestamp":"2026-08-05T18:51:33.389Z","url":"/","userAgent":"Mozilla/5.0 (Windows NT 10.0; Win64; x64) AppleWebKit/537.36 (KHTML, like Gecko) Chrome/150.0.0.0 Safari/537.36"}
{"durationMs":11,"ip":"::1","level":"info","message":"HTTP Request","method":"GET","service":"suvaialaya-api","statusCode":200,"timestamp":"2026-08-05T18:51:33.425Z","url":"/","userAgent":"Mozilla/5.0 (Windows NT 10.0; Win64; x64) AppleWebKit/537.36 (KHTML, like Gecko) Chrome/150.0.0.0 Safari/537.36"}
{"error":"Stream isn't writeable and enableOfflineQueue options is false","level":"error","message":"Redis BGSAVE failed","service":"suvaialaya-api","timestamp":"2026-08-05T19:00:00.016Z"}
{"backupType":"redis","error":"Stream isn't writeable and enableOfflineQueue options is false","level":"warn","message":"ALERT FIRED","service":"suvaialaya-api","severity":"critical","timestamp":"2026-08-05T19:00:00.017Z","title":"Backup Failed"}
{"error":"Stream isn't writeable and enableOfflineQueue options is false","level":"error","message":"Redis BGSAVE failed","service":"suvaialaya-api","timestamp":"2026-08-05T19:00:00.021Z"}
{"error":"Stream isn't writeable and enableOfflineQueue options is false","level":"error","message":"Redis BGSAVE failed","service":"suvaialaya-api","timestamp":"2026-08-05T19:00:00.047Z"}
{"backupType":"redis","error":"Stream isn't writeable and enableOfflineQueue options is false","level":"warn","message":"ALERT FIRED","service":"suvaialaya-api","severity":"critical","timestamp":"2026-08-05T19:00:00.047Z","title":"Backup Failed"}
{"backupType":"redis","error":"Stream isn't writeable and enableOfflineQueue options is false","level":"warn","message":"ALERT FIRED","service":"suvaialaya-api","severity":"critical","timestamp":"2026-08-05T19:00:00.051Z","title":"Backup Failed"}
{"durationMs":6,"ip":"::1","level":"info","message":"HTTP Request","method":"GET","service":"suvaialaya-api","statusCode":200,"timestamp":"2026-08-05T19:25:57.724Z","url":"/","userAgent":"Mozilla/5.0 (Windows NT 10.0; Win64; x64) AppleWebKit/537.36 (KHTML, like Gecko) Chrome/150.0.0.0 Safari/537.36"}
{"durationMs":3,"ip":"::1","level":"info","message":"HTTP Request","method":"GET","service":"suvaialaya-api","statusCode":200,"timestamp":"2026-08-05T19:25:58.740Z","url":"/","userAgent":"Mozilla/5.0 (Windows NT 10.0; Win64; x64) AppleWebKit/537.36 (KHTML, like Gecko) Chrome/150.0.0.0 Safari/537.36"}
{"durationMs":10,"ip":"::1","level":"info","message":"HTTP Request","method":"GET","service":"suvaialaya-api","statusCode":200,"timestamp":"2026-08-05T20:23:14.220Z","url":"/","userAgent":"Mozilla/5.0 (Windows NT 10.0; Win64; x64) AppleWebKit/537.36 (KHTML, like Gecko) Chrome/150.0.0.0 Safari/537.36"}
{"durationMs":8,"ip":"::1","level":"info","message":"HTTP Request","method":"GET","service":"suvaialaya-api","statusCode":200,"timestamp":"2026-08-05T20:23:15.238Z","url":"/","userAgent":"Mozilla/5.0 (Windows NT 10.0; Win64; x64) AppleWebKit/537.36 (KHTML, like Gecko) Chrome/150.0.0.0 Safari/537.36"}
{"durationMs":8,"ip":"::1","level":"info","message":"HTTP Request","method":"GET","service":"suvaialaya-api","statusCode":200,"timestamp":"2026-08-05T20:23:16.263Z","url":"/","userAgent":"Mozilla/5.0 (Windows NT 10.0; Win64; x64) AppleWebKit/537.36 (KHTML, like Gecko) Chrome/150.0.0.0 Safari/537.36"}
{"durationMs":5,"ip":"::1","level":"info","message":"HTTP Request","method":"GET","service":"suvaialaya-api","statusCode":200,"timestamp":"2026-08-05T20:23:17.289Z","url":"/","userAgent":"Mozilla/5.0 (Windows NT 10.0; Win64; x64) AppleWebKit/537.36 (KHTML, like Gecko) Chrome/150.0.0.0 Safari/537.36"}
